// Jest Snapshot v1, https://goo.gl/fbAQLP

exports[`all services on matches snapshot 1`] = `
<View
  collapsable={true}
  pointerEvents="box-none"
  style={
    Object {
      "flex": 1,
    }
  }
>
  <View
    style={
      Object {
        "flex": 1,
      }
    }
  >
    <View
      accessibilityIgnoresInvertColors={true}
      style={
        Object {
          "flex": 1,
          "height": "110%",
          "justifyContent": "flex-end",
          "resizeMode": "cover",
          "top": 0,
          "width": "100%",
        }
      }
    >
      <Image
        source={
          Object {
            "testUri": "../../../app/assets/images/orangeToBlueGradientBackground.png",
          }
        }
        style={
          Array [
            Object {
              "bottom": 0,
              "left": 0,
              "position": "absolute",
              "right": 0,
              "top": 0,
            },
            Object {
              "height": "110%",
              "width": "100%",
            },
            undefined,
          ]
        }
      />
      <View
        style={
          Object {
            "alignItems": "center",
            "left": 0,
            "position": "absolute",
            "resizeMode": "contain",
            "right": 0,
            "top": "-17%",
          }
        }
      >
        <SvgXml
          height={1334}
          width={1334}
          xml="
<svg width=\\"50\\" height=\\"600\\" version=\\"1.1\\" viewBox=\\"0 0 50 600\\" xmlns=\\"http://www.w3.org/2000/svg\\">
 <g transform=\\"translate(-26 230)\\">
   <path d=\\"m45.243 78.383c-3.2591-5.5107-6.0777-10.601-8.7403-15.783l-2.2881-4.4538h8.1331l1.4103 2.7781c1.301 2.5629 4.2764 7.9856 5.9603 10.862l.70538 1.2052 1.6885-2.9691c2.9579-5.2013 4.1484-7.4388 6.6189-12.44l2.413-4.8849 3.9247-.0099c2.867-.0072 3.9247-.06535 3.9247-.21568 0-.11318.04294-.16285.09542-.11036.14631.14632-2.5503 5.9923-4.5395 9.8412-3.0352 5.8727-5.7929 10.828-9.4477 16.977l-1.8609 3.1309-5.6785-.0068zm16.347-26.675c0-.09701.07694-.29545.17099-.44097.09404-.14552.17099-.18521.17099-.08819 0 .09701-.07694.29545-.17099.44097-.09404.14552-.17099.18521-.17099.08819zm-30.036-6.0335c.21828-.04204.57547-.04204.79375 0 .21828.04204.03969.07644-.39688.07644-.43656 0-.61516-.0344-.39688-.07644zm40.627-2.6242c.0085-.20548.05026-.24728.10657-.10657.05095.12733.04469.27946-.01392.33808-.05861.05861-.1003-.04557-.09264-.23151zm-36.675-.42627c0-.24253.04004-.34175.08897-.22049.04893.12127.04893.3197 0 .44097-.04893.12127-.08897.02205-.08897-.22049zm-7.2459-.80845c.0085-.20548.05026-.24728.10657-.10657.05095.12733.04469.27946-.01393.33808-.05861.05861-.1003-.04557-.09264-.23151zm7.2459-.0735c0-.24254.04004-.34175.08897-.22049.04893.12127.04893.3197 0 .44097s-.08897.02205-.08897-.22049zm29.796-.80845c.0085-.20548.05026-.24728.10657-.10657.05095.12733.04469.27947-.01392.33808-.05861.05861-.1003-.04557-.09264-.23151zm7.2589-.24988c0-.33955.0363-.47845.08067-.30868.04436.16977.04436.44759 0 .61736-.04437.16977-.08067.03087-.08067-.30868zm-37.245-.10289c.0085-.20548.05026-.24728.10657-.10657.05095.12733.04469.27946-.01393.33808-.05861.05861-.1003-.04557-.09264-.23151zm-7.1854-1.22c.00064-.77611.03165-1.0717.06891-.6568.03726.41487.03674 1.0499-.0012 1.4111-.0379.36124-.06839.0218-.06775-.75432zm44.434-1.4111c.002-.38806.03808-.52604.08027-.30662s.04059.53691-.0036.70556c-.04415.16864-.07867-.01088-.07671-.39893zm-37.228 0c.0036-.29104.04313-.38875.08785-.21713s.04178.40975-.0065.52917c-.04832.11942-.08491-.021-.08131-.31204zm29.98-.44097c0-.24253.04004-.34175.08897-.22049.04893.12127.04893.3197 0 .44097-.04893.12127-.08897.02205-.08897-.22049zm-37.042-.88194c0-.24254.04004-.34175.08897-.22049.04893.12127.04893.3197 0 .44097s-.08897.02205-.08897-.22049zm7.218.0735c.0085-.20548.05026-.24728.10657-.10657.05095.12733.04469.27946-.01393.33808-.05861.05861-.1003-.04557-.09264-.23151zm36.865-.35278c.0085-.20548.05026-.24728.10657-.10657.05095.12733.04469.27947-.01392.33808-.05861.05861-.1003-.04557-.09264-.23151zm-11.398-7.5259-.87531-.92604.92604.87531c.86049.81336 1.0069.97677.87531.97677-.0279 0-.44462-.41672-.92604-.92604zm-21.777.51807c0-.03036.25797-.28832.57326-.57326l.57326-.51807-.51807.57326c-.48291.53436-.62846.65434-.62846.51807zm28.2-4.134c-.2194-.27976-.21317-.286.0666-.0666.29382.23043.38726.37528.24208.37528-.03663 0-.17553-.13891-.30868-.30868zm-33.668-.48507c.22785-.24254.45396-.44097.50247-.44097.04851 0-.09823.19844-.32608.44097-.22785.24254-.45396.44097-.50247.44097-.04851 0 .09823-.19844.32608-.44097zm14.596-.20501c.12127-.04893.3197-.04893.44097 0 .12127.04893.02205.08897-.22049.08897-.24253 0-.34175-.04003-.22049-.08897zm3.8916-.0037c.12733-.05095.27946-.04469.33808.01393.05861.05861-.04557.1003-.23151.09264-.20548-.0085-.24728-.05026-.10657-.10657zm-16.636-1.6434c.17559-.19403.35895-.35278.40745-.35278.04851 0-.05547.15875-.23106.35278-.17559.19403-.35895.35278-.40745.35278-.04851 0 .05547-.15875.23106-.35278zm29.087-.39688-.33602-.39688.39688.33602c.21828.18481.39688.3634.39688.39688 0 .14116-.14196.03695-.45773-.33602zm-17.567-5.0153c.12733-.05095.27947-.04469.33808.01393.05861.05861-.04557.1003-.23151.09264-.20548-.0085-.24728-.05026-.10657-.10657zm6.35 0c.12733-.05095.27946-.04469.33808.01393.05861.05861-.04557.1003-.23151.09264-.20548-.0085-.24728-.05026-.10657-.10657zm-4.7735-.18038c.21828-.04204.57547-.04204.79375 0s.03969.07644-.39688.07644c-.43656 0-.61516-.0344-.39688-.07644zm2.8243-.000269c.21941-.04219.53691-.04059.70556.0036.16864.04415-.01088.07867-.39893.07671-.38806-.002-.52604-.03808-.30662-.08027z\\" style=\\"fill:#fea60d;stroke-width:.17639\\"/>
   <path d=\\"m62.289 50.34c1.2401-2.8541 2.5006-6.4488 2.9125-8.3059.47796-2.1547.3124-5.0058-.41497-7.1459-1.6393-4.8232-5.2585-8.3494-10.169-9.9075-1.8852-.59821-5.4703-.69003-7.5497-.19334-5.5672 1.3298-9.8515 5.501-11.344 11.045-.32356 1.2017-.40589 3.1312-.26604 6.2356.0438.97229-.01551 1.2268-.44895 1.9266-1.262 2.0374-4.3483 2.2118-5.786.3268-1.1718-1.5363-1.3071-6.5094-.28381-10.429 2.7323-10.466 12.718-17.486 23.443-16.481 7.2667.68119 13.434 4.5758 17.2 10.862 2.6575 4.4358 3.6487 10.157 2.593 14.968-.475 2.1644-2.088 6.9565-3.0132 8.9517l-.22491.48507h-7.6635z\\" style=\\"fill:#fe8e0d;stroke-width:.17639\\"/>
   <path d=\\"m42.769 87.999c4.2516-.02632 11.157-.02631 15.346 2.1e-5 4.1886.02634.70994.04787-7.7303.04786s-11.867-.02156-7.6156-.04788zm31.196-14.199-.03263-13.185h-5.6266l1.0711-2.249c.58911-1.2369 1.6085-3.4693 2.2653-4.9609.81722-1.8559 1.2257-2.6075 1.2941-2.3812.05498.18186.31611 1.045.5803 1.9182l.48034 1.5875.06872 15.258c.0378 8.3917.03796 15.694.000353 16.228-.0376.53358-.08305-4.9631-.10099-12.215zm-47.126-16.14c.0013-1.9032.08605-3.2683.23803-3.8365.83776-3.1315 3.5691-5.6723 6.7155-6.247 1.2016-.21948 25.86-.27566 25.842-.05888-.006.07276-.66304 1.5214-1.46 3.2191l-1.4491 3.0868-10.931.08819c-11.881.09586-11.441.05532-12.087 1.1137-.29689.48691-.34277.89788-.34334 3.0755l-.000659 2.5135h-6.5264z\\" style=\\"fill:#0a8fed;stroke-width:.17639\\"/>
   <path d=\\"m71.463 92.1c.22785-.24254.45396-.44097.50247-.44097.04851 0-.09823.19844-.32608.44097-.22785.24254-.45396.44097-.50247.44097-.04851 0 .09823-.19844.32608-.44097zm-44.626-25.665v-5.8208h6.5264v11.642h-6.5264zm40.569.97405v-4.8468l.47772-.97405.47772-.97405h5.571v11.642h-6.5264z\\" style=\\"fill:#0879c9;stroke-width:.17639\\"/>
   <path d=\\"m26.836 77.901v-5.6444h6.5264v11.289h-6.5264zm40.569 0v-5.6444h6.5264v11.289h-6.5264z\\" style=\\"fill:#0769af;stroke-width:.17639\\"/>
   <path d=\\"m29.008 91.747c-1.5198-1.725-2.1718-3.6868-2.1718-6.5351v-1.667h6.5264v1.5937c0 1.7617.20663 2.2874 1.0758 2.7368.7545.39017 31.152.38254 31.907-.008.89286-.46172 1.0603-.88585 1.0603-2.6861v-1.6364h6.5264v1.9083c0 2.7627-.65613 4.6889-2.1488 6.3083l-.71566.77639-41.283.09108z\\" style=\\"fill:#05538b;stroke-width:.17639\\"/>
   <path d=\\"m33.892 94.456c-1.0619-.17541-2.8333-.94411-3.5278-1.5309l-.44097-.37256 20.529-.0059c20.066-.0057 20.52.0016 20.108.32309-.23136.18093-.84682.54424-1.3677.80735-1.9297.97479-1.9484.97574-18.809.95667-8.5372-.0096-15.959-.08967-16.492-.17782z\\" style=\\"fill:#054c7f;stroke-width:.17639\\"/>
 </g>
</svg>
"
        />
      </View>
    </View>
    <View
      style={
        Object {
          "height": "100%",
          "left": 0,
          "paddingBottom": 12,
          "paddingHorizontal": 24,
          "position": "absolute",
          "right": 0,
          "top": "-10%",
        }
      }
    >
      <View
        style={
          Object {
            "alignItems": "center",
            "flex": 1,
            "justifyContent": "flex-end",
            "paddingBottom": 40,
          }
        }
      />
      <View
        style={
          Object {
            "flex": 1,
            "justifyContent": "flex-start",
            "paddingTop": 80,
          }
        }
      >
        <Text
          style={
            Array [
              Object {
                "color": "#2e2e2e",
                "fontFamily": "IBMPlexSans",
                "fontSize": 17,
                "lineHeight": 24,
              },
              Object {
                "writingDirection": "ltr",
              },
              Object {
                "color": "#FF830E",
                "fontSize": 26,
                "lineHeight": 34,
                "marginBottom": 24,
                "textAlign": "center",
              },
            ]
          }
        >
          AlohaSafe Story
        </Text>
        <Text
          style={
            Array [
              Object {
                "color": "#2e2e2e",
                "fontFamily": "IBMPlexSans",
                "fontSize": 17,
                "lineHeight": 24,
              },
              Object {
                "writingDirection": "ltr",
              },
              Object {
                "color": "#1A4267",
                "fontSize": 18,
                "lineHeight": 24.5,
                "marginBottom": 24,
                "textAlign": "center",
              },
            ]
          }
        >
          AlohaSafe Story is saving the places you visit to create your private location diary
        </Text>
      </View>
    </View>
  </View>
</View>
`;
